[homeconstruction.nicepage.io/index3130.html]
[backblue.gif]
[fade.gif]
[index.html]
[capp.nicepage.com/ac8fb6fb0dea48cd4daed7a7a49112782e4a8011/nicepage.css]
[homeconstruction.nicepage.io/Home-1.css]
[pixabay.com/get/large-home-gbea0027ef_1280.jpg]
[capp.nicepage.com/ac8fb6fb0dea48cd4daed7a7a49112782e4a8011/nicepage.js]
[homeconstruction.nicepage.io/nicepage-site.css]
[capp.nicepage.com/assets/jquery-3.5.1.min.js]
[homeconstruction.nicepage.io/index.html]
[pixabay.com/get/interior-gc80ac52d1_1280.png]
[pixabay.com/get/evening-g3858600dd_1280.jpg]
[pixabay.com/get/modern-minimalist-bathroom-g92651bbea_1280.jpg]
[pixabay.com/get/new-england-g1929eab29_1280.jpg]
[pixabay.com/get/crane-house-gb1b03fdca_1280.jpg]
[images01.nicepagecdn.com/c461c07a441a5d220e8feb1a/2d952497edb453a0ab89d9eb/7268552.png]
[homeconstruction.nicepage.io/index3130.html]
[capp.nicepage.com/ac8fb6fb0dea48cd4daed7a7a49112782e4a8011/nicepage.css]
[homeconstruction.nicepage.io/nicepage-site.css]
[assets.nicepagecdn.com/473903c2/5085481/images/127cadf82a2653f3e4aeafe2253417091964249c1fe6167bf6fbd276fdfa5d39b216f6d9d283dc97a577e41a83f7929b48f9f6f26c975b3df749ab_1280.jpg]
[images01.nicepagecdn.com/c461c07a441a5d220e8feb1a/23f2b6ec8f435911852884f1/2.jpg]
[images01.nicepagecdn.com/c461c07a441a5d220e8feb1a/47d488474b1750ad8f9a684f/fggf.jpg]
[images01.nicepagecdn.com/c461c07a441a5d220e8feb1a/dee2a7ea9eea577cab16110a/fff.jpg]
[images01.nicepagecdn.com/a1389d7bc73adea1e1c1fb7e/8f93fb525fca5a7d86a20ba0/black-white-exterior-building.jpg]
[images01.nicepagecdn.com/a1389d7bc73adea1e1c1fb7e/fd44305e8d7e5cb4adf5f7cd/low-angle-shot-creative-modern-building-with-outstanding-architectural-twists.jpg]
[homeconstruction.nicepage.io/Home-1.css]
[homeconstruction.nicepage.io/signature.12.delayed]
[capp.nicepage.com/ac8fb6fb0dea48cd4daed7a7a49112782e4a8011/nicepage.js]
[homeconstruction.nicepage.io/Content/BundledScripts/index.html]
[homeconstruction.nicepage.io/ABCDEFGHIJKLMNOPQRSTUVWXYZabcdefghijklmnopqrstuvwxyz0123456789+/index.html]
[homeconstruction.nicepage.io/index.html]
[homeconstruction.nicepage.io/Content/BundledScripts/index.html]
[homeconstruction.nicepage.io/signature.html]
[homeconstruction.nicepage.io/ABCDEFGHIJKLMNOPQRSTUVWXYZabcdefghijklmnopqrstuvwxyz0123456789+/index.html]
